// Jest Snapshot v1, https://goo.gl/fbAQLP

exports[`ChannelSelector component renders correctly 1`] = `
<div
  className="form__collection-wrapper"
>
  <label
    htmlFor="channels-0"
    style={
      Object {
        "position": "relative",
      }
    }
  >
    <input
      checked={false}
      className="form__control"
      id="channels-0"
      onChange={[Function]}
      type="checkbox"
      value="0"
    />
    <span
      className="form__indicator form__indicator_checkbox"
    >
      <svg
        className="icon icon_checkmark"
        height={null}
        width={null}
      >
        <use
          xlinkHref="#id"
        />
      </svg>
    </span>
    <svg
      className="logo"
    >
      <use
        xlinkHref="#id"
      />
    </svg>
    matthewpearse
  </label>
</div>
`;
