// Jest Snapshot v1, https://goo.gl/fbAQLP

exports[`Field component renders correctly 1`] = `
<div
  className="form__control-group"
>
  <label
    className="label"
    htmlFor="Channel"
  >
    Channel
  </label>
  Children are here.
</div>
`;
