// Jest Snapshot v1, https://goo.gl/fbAQLP

exports[`NewTimeslot component renders the component 1`] = `
<button
  onClick={[Function]}
>
  Add new time slot
</button>
`;
