// Jest Snapshot v1, https://goo.gl/fbAQLP

exports[`Label component renders correctly 1`] = `
<label
  className="label"
  htmlFor="something"
>
  The label.
</label>
`;
