// Jest Snapshot v1, https://goo.gl/fbAQLP

exports[`Textarea component renders properly 1`] = `
<textarea
  className="form__control"
  id="a-textarea"
  name="a-textarea"
  onChange={[Function]}
  value="content"
/>
`;
